../Core/Src/main.c:112:5:main	8	static
../Core/Src/main.c:185:6:SystemClock_Config	88	static
../Core/Src/main.c:232:13:MX_TIM3_Init	40	static
../Core/Src/main.c:277:13:MX_TIM15_Init	120	static
../Core/Src/main.c:357:13:MX_USART2_UART_Init	8	static
../Core/Src/main.c:405:13:MX_GPIO_Init	48	static
../Core/Src/main.c:435:6:HAL_TIM_PeriodElapsedCallback	16	static
../Core/Src/main.c:513:9:FUN_ESTADO_INICIO	8	static
../Core/Src/main.c:556:9:FUN_ESTADO_ABIERTO	8	static
../Core/Src/main.c:584:9:FUN_ESTADO_SEMICERRADO	8	static
../Core/Src/main.c:613:9:FUN_ESTADO_CERRADO	8	static
../Core/Src/main.c:659:6:SERVOS	16	static
../Core/Src/main.c:756:6:Error_Handler	8	static,ignoring_inline_asm
